UpdateCTestConfiguration  from :/workspace/project/PTX-EMU/build/DartConfiguration.tcl
UpdateCTestConfiguration  from :/workspace/project/PTX-EMU/build/DartConfiguration.tcl
Test project /workspace/project/PTX-EMU/build
Constructing a list of tests
Done constructing a list of tests
Updating test list for fixtures
Added 0 tests to meet fixture requirements
Checking test dependency graph...
Checking test dependency graph end
test 80
    Start 80: integration_warp_barrier

80: Test command: /workspace/project/PTX-EMU/build/bin/tests/integration_warp_barrier
80: Working Directory: /workspace/project/PTX-EMU/build/tests/integration
80: Test timeout computed to be: 10000000
80: Randomness seeded to: 1892608733
80: [32m[CLK:0] [INFO] [emu] [TID:139889914817920] bar.warp.sync: Barrier complete, releasing 4 threads to PC=2 (mask=0xF arrived=0xF)
80: [0m[0m[32m[CLK:0] [INFO] [emu] [TID:139889914817920]   Released lane=0: PC=2 -> 2
80: [0m[0m[32m[CLK:0] [INFO] [emu] [TID:139889914817920]   Released lane=1: PC=2 -> 2
80: [0m[0m[32m[CLK:0] [INFO] [emu] [TID:139889914817920]   Released lane=2: PC=2 -> 2
80: [0m[0m[32m[CLK:0] [INFO] [emu] [TID:139889914817920]   Released lane=3: PC=1 -> 2
80: [0m[0m[32m[CLK:0] [INFO] [emu] [TID:139889914817920] bar.warp.sync: Barrier complete, releasing 31 threads to PC=2 (mask=0xFFFFFFFE arrived=0xFFFFFFFE)
80: [0m[0m[32m[CLK:0] [INFO] [emu] [TID:139889914817920]   Released lane=1: PC=2 -> 2
80: [0m[0m[32m[CLK:0] [INFO] [emu] [TID:139889914817920]   Released lane=2: PC=2 -> 2
80: [0m[0m[32m[CLK:0] [INFO] [emu] [TID:139889914817920]   Released lane=3: PC=2 -> 2
80: [0m[0m[32m[CLK:0] [INFO] [emu] [TID:139889914817920]   Released lane=4: PC=2 -> 2
80: [0m[0m[32m[CLK:0] [INFO] [emu] [TID:139889914817920]   Released lane=5: PC=2 -> 2
80: [0m[0m[32m[CLK:0] [INFO] [emu] [TID:139889914817920]   Released lane=6: PC=2 -> 2
80: [0m[0m[32m[CLK:0] [INFO] [emu] [TID:139889914817920]   Released lane=7: PC=2 -> 2
80: [0m[0m[32m[CLK:0] [INFO] [emu] [TID:139889914817920]   Released lane=8: PC=2 -> 2
80: [0m[0m[32m[CLK:0] [INFO] [emu] [TID:139889914817920]   Released lane=9: PC=2 -> 2
80: [0m[0m[32m[CLK:0] [INFO] [emu] [TID:139889914817920]   Released lane=10: PC=2 -> 2
80: [0m[0m[32m[CLK:0] [INFO] [emu] [TID:139889914817920]   Released lane=11: PC=2 -> 2
80: [0m[0m[32m[CLK:0] [INFO] [emu] [TID:139889914817920]   Released lane=12: PC=2 -> 2
80: [0m[0m[32m[CLK:0] [INFO] [emu] [TID:139889914817920]   Released lane=13: PC=2 -> 2
80: [0m[0m[32m[CLK:0] [INFO] [emu] [TID:139889914817920]   Released lane=14: PC=2 -> 2
80: [0m[0m[32m[CLK:0] [INFO] [emu] [TID:139889914817920]   Released lane=15: PC=2 -> 2
80: [0m[0m[32m[CLK:0] [INFO] [emu] [TID:139889914817920]   Released lane=16: PC=2 -> 2
80: [0m[0m[32m[CLK:0] [INFO] [emu] [TID:139889914817920]   Released lane=17: PC=2 -> 2
80: [0m[0m[32m[CLK:0] [INFO] [emu] [TID:139889914817920]   Released lane=18: PC=2 -> 2
80: [0m[0m[32m[CLK:0] [INFO] [emu] [TID:139889914817920]   Released lane=19: PC=2 -> 2
80: [0m[0m[32m[CLK:0] [INFO] [emu] [TID:139889914817920]   Released lane=20: PC=2 -> 2
80: [0m[0m[32m[CLK:0] [INFO] [emu] [TID:139889914817920]   Released lane=21: PC=2 -> 2
80: [0m[0m[32m[CLK:0] [INFO] [emu] [TID:139889914817920]   Released lane=22: PC=2 -> 2
80: [0m[0m[32m[CLK:0] [INFO] [emu] [TID:139889914817920]   Released lane=23: PC=2 -> 2
80: [0m[0m[32m[CLK:0] [INFO] [emu] [TID:139889914817920]   Released lane=24: PC=2 -> 2
80: [0m[0m[32m[CLK:0] [INFO] [emu] [TID:139889914817920]   Released lane=25: PC=2 -> 2
80: [0m[0m[32m[CLK:0] [INFO] [emu] [TID:139889914817920]   Released lane=26: PC=2 -> 2
80: [0m[0m[32m[CLK:0] [INFO] [emu] [TID:139889914817920]   Released lane=27: PC=2 -> 2
80: [0m[0m[32m[CLK:0] [INFO] [emu] [TID:139889914817920]   Released lane=28: PC=2 -> 2
80: [0m[0m[32m[CLK:0] [INFO] [emu] [TID:139889914817920]   Released lane=29: PC=2 -> 2
80: [0m[0m[32m[CLK:0] [INFO] [emu] [TID:139889914817920]   Released lane=30: PC=2 -> 2
80: [0m[0m[32m[CLK:0] [INFO] [emu] [TID:139889914817920]   Released lane=31: PC=1 -> 2
80: [0m[0m[32m[CLK:0] [INFO] [emu] [TID:139889914817920] bar.warp.sync: Barrier complete, releasing 4 threads to PC=4 (mask=0xF arrived=0xF)
80: [0m[0m[32m[CLK:0] [INFO] [emu] [TID:139889914817920]   Released lane=0: PC=2 -> 4
80: [0m[0m[32m[CLK:0] [INFO] [emu] [TID:139889914817920]   Released lane=1: PC=2 -> 4
80: [0m[0m[32m[CLK:0] [INFO] [emu] [TID:139889914817920]   Released lane=2: PC=2 -> 4
80: [0m[0m[32m[CLK:0] [INFO] [emu] [TID:139889914817920]   Released lane=3: PC=1 -> 4
80: [0m[0m[32m[CLK:0] [INFO] [emu] [TID:139889914817920] bar.warp.sync: Barrier complete, releasing 2 threads to PC=2 (mask=0x3 arrived=0x3)
80: [0m[0m[32m[CLK:0] [INFO] [emu] [TID:139889914817920]   Released lane=0: PC=2 -> 2
80: [0m[0m[32m[CLK:0] [INFO] [emu] [TID:139889914817920]   Released lane=1: PC=1 -> 2
80: [0m[0m[32m[CLK:0] [INFO] [emu] [TID:139889914817920] bar.warp.sync: Barrier complete, releasing 2 threads to PC=4 (mask=0x3 arrived=0x3)
80: [0m[0m[32m[CLK:0] [INFO] [emu] [TID:139889914817920]   Released lane=0: PC=4 -> 4
80: [0m[0m[32m[CLK:0] [INFO] [emu] [TID:139889914817920]   Released lane=1: PC=3 -> 4
80: [0m[0m[32m[CLK:0] [INFO] [emu] [TID:139889914817920] bar.warp.sync: Barrier complete, releasing 2 threads to PC=6 (mask=0x3 arrived=0x3)
80: [0m[0m[32m[CLK:0] [INFO] [emu] [TID:139889914817920]   Released lane=0: PC=6 -> 6
80: [0m[0m[32m[CLK:0] [INFO] [emu] [TID:139889914817920]   Released lane=1: PC=5 -> 6
80: [0m[0m[32m[CLK:0] [INFO] [emu] [TID:139889914817920] bar.warp.sync: Barrier complete, releasing 16 threads to PC=5 (mask=0xFFFF0000 arrived=0xFFFF0000)
80: [0m[0m[32m[CLK:0] [INFO] [emu] [TID:139889914817920]   Released lane=16: PC=4 -> 5
80: [0m[0m[32m[CLK:0] [INFO] [emu] [TID:139889914817920]   Released lane=17: PC=4 -> 5
80: [0m[0m[32m[CLK:0] [INFO] [emu] [TID:139889914817920]   Released lane=18: PC=4 -> 5
80: [0m[0m[32m[CLK:0] [INFO] [emu] [TID:139889914817920]   Released lane=19: PC=4 -> 5
80: [0m[0m[32m[CLK:0] [INFO] [emu] [TID:139889914817920]   Released lane=20: PC=4 -> 5
80: [0m[0m[32m[CLK:0] [INFO] [emu] [TID:139889914817920]   Released lane=21: PC=4 -> 5
80: [0m[0m[32m[CLK:0] [INFO] [emu] [TID:139889914817920]   Released lane=22: PC=4 -> 5
80: [0m[0m[32m[CLK:0] [INFO] [emu] [TID:139889914817920]   Released lane=23: PC=4 -> 5
80: [0m[0m[32m[CLK:0] [INFO] [emu] [TID:139889914817920]   Released lane=24: PC=4 -> 5
80: [0m[0m[32m[CLK:0] [INFO] [emu] [TID:139889914817920]   Released lane=25: PC=4 -> 5
80: [0m[0m[32m[CLK:0] [INFO] [emu] [TID:139889914817920]   Released lane=26: PC=4 -> 5
80: [0m[0m[32m[CLK:0] [INFO] [emu] [TID:139889914817920]   Released lane=27: PC=4 -> 5
80: [0m[0m[32m[CLK:0] [INFO] [emu] [TID:139889914817920]   Released lane=28: PC=4 -> 5
80: [0m[0m[32m[CLK:0] [INFO] [emu] [TID:139889914817920]   Released lane=29: PC=4 -> 5
80: [0m[0m[32m[CLK:0] [INFO] [emu] [TID:139889914817920]   Released lane=30: PC=4 -> 5
80: [0m[0m[32m[CLK:0] [INFO] [emu] [TID:139889914817920]   Released lane=31: PC=3 -> 5
80: [0m[0m[32m[CLK:0] [INFO] [emu] [TID:139889914817920] bar.warp.sync: Barrier complete, releasing 8 threads to PC=4 (mask=0xFF arrived=0xFF)
80: [0m[0m[32m[CLK:0] [INFO] [emu] [TID:139889914817920]   Released lane=0: PC=2 -> 4
80: [0m[0m[32m[CLK:0] [INFO] [emu] [TID:139889914817920]   Released lane=1: PC=2 -> 4
80: [0m[0m[32m[CLK:0] [INFO] [emu] [TID:139889914817920]   Released lane=2: PC=2 -> 4
80: [0m[0m[32m[CLK:0] [INFO] [emu] [TID:139889914817920]   Released lane=3: PC=2 -> 4
80: [0m[0m[32m[CLK:0] [INFO] [emu] [TID:139889914817920]   Released lane=4: PC=2 -> 4
80: [0m[0m[32m[CLK:0] [INFO] [emu] [TID:139889914817920]   Released lane=5: PC=2 -> 4
80: [0m[0m[32m[CLK:0] [INFO] [emu] [TID:139889914817920]   Released lane=6: PC=2 -> 4
80: [0m[0m[32m[CLK:0] [INFO] [emu] [TID:139889914817920]   Released lane=7: PC=1 -> 4
80: [0m[0m[32m[CLK:0] [INFO] [emu] [TID:139889914817920] bar.warp.sync: Barrier complete, releasing 32 threads to PC=3 (mask=0xFFFFFFFF arrived=0xFFFFFFFF)
80: [0m[0m[32m[CLK:0] [INFO] [emu] [TID:139889914817920]   Released lane=0: PC=2 -> 3
80: [0m[0m[32m[CLK:0] [INFO] [emu] [TID:139889914817920]   Released lane=1: PC=2 -> 3
80: [0m[0m[32m[CLK:0] [INFO] [emu] [TID:139889914817920]   Released lane=2: PC=2 -> 3
80: [0m[0m[32m[CLK:0] [INFO] [emu] [TID:139889914817920]   Released lane=3: PC=2 -> 3
80: [0m[0m[32m[CLK:0] [INFO] [emu] [TID:139889914817920]   Released lane=4: PC=2 -> 3
80: [0m[0m[32m[CLK:0] [INFO] [emu] [TID:139889914817920]   Released lane=5: PC=2 -> 3
80: [0m[0m[32m[CLK:0] [INFO] [emu] [TID:139889914817920]   Released lane=6: PC=2 -> 3
80: [0m[0m[32m[CLK:0] [INFO] [emu] [TID:139889914817920]   Released lane=7: PC=2 -> 3
80: [0m[0m[32m[CLK:0] [INFO] [emu] [TID:139889914817920]   Released lane=8: PC=2 -> 3
80: [0m[0m[32m[CLK:0] [INFO] [emu] [TID:139889914817920]   Released lane=9: PC=2 -> 3
80: [0m[0m[32m[CLK:0] [INFO] [emu] [TID:139889914817920]   Released lane=10: PC=2 -> 3
80: [0m[0m[32m[CLK:0] [INFO] [emu] [TID:139889914817920]   Released lane=11: PC=2 -> 3
80: [0m[0m[32m[CLK:0] [INFO] [emu] [TID:139889914817920]   Released lane=12: PC=2 -> 3
80: [0m[0m[32m[CLK:0] [INFO] [emu] [TID:139889914817920]   Released lane=13: PC=2 -> 3
80: [0m[0m[32m[CLK:0] [INFO] [emu] [TID:139889914817920]   Released lane=14: PC=2 -> 3
80: [0m[0m[32m[CLK:0] [INFO] [emu] [TID:139889914817920]   Released lane=15: PC=2 -> 3
80: [0m[0m[32m[CLK:0] [INFO] [emu] [TID:139889914817920]   Released lane=16: PC=2 -> 3
80: [0m[0m[32m[CLK:0] [INFO] [emu] [TID:139889914817920]   Released lane=17: PC=2 -> 3
80: [0m[0m[32m[CLK:0] [INFO] [emu] [TID:139889914817920]   Released lane=18: PC=2 -> 3
80: [0m[0m[32m[CLK:0] [INFO] [emu] [TID:139889914817920]   Released lane=19: PC=2 -> 3
80: [0m[0m[32m[CLK:0] [INFO] [emu] [TID:139889914817920]   Released lane=20: PC=2 -> 3
80: [0m[0m[32m[CLK:0] [INFO] [emu] [TID:139889914817920]   Released lane=21: PC=2 -> 3
80: [0m[0m[32m[CLK:0] [INFO] [emu] [TID:139889914817920]   Released lane=22: PC=2 -> 3
80: [0m[0m[32m[CLK:0] [INFO] [emu] [TID:139889914817920]   Released lane=23: PC=2 -> 3
80: [0m[0m[32m[CLK:0] [INFO] [emu] [TID:139889914817920]   Released lane=24: PC=2 -> 3
80: [0m[0m[32m[CLK:0] [INFO] [emu] [TID:139889914817920]   Released lane=25: PC=2 -> 3
80: [0m[0m[32m[CLK:0] [INFO] [emu] [TID:139889914817920]   Released lane=26: PC=2 -> 3
80: [0m[0m[32m[CLK:0] [INFO] [emu] [TID:139889914817920]   Released lane=27: PC=2 -> 3
80: [0m[0m[32m[CLK:0] [INFO] [emu] [TID:139889914817920]   Released lane=28: PC=2 -> 3
80: [0m[0m[32m[CLK:0] [INFO] [emu] [TID:139889914817920]   Released lane=29: PC=2 -> 3
80: [0m[0m[32m[CLK:0] [INFO] [emu] [TID:139889914817920]   Released lane=30: PC=2 -> 3
80: [0m[0m[32m[CLK:0] [INFO] [emu] [TID:139889914817920]   Released lane=31: PC=1 -> 3
80: [0m[0m[32m[CLK:0] [INFO] [emu] [TID:139889914817920] bar.warp.sync: Barrier complete, releasing 32 threads to PC=2 (mask=0xFFFFFFFF arrived=0xFFFFFFFF)
80: [0m[0m[32m[CLK:0] [INFO] [emu] [TID:139889914817920]   Released lane=0: PC=2 -> 2
80: [0m[0m[32m[CLK:0] [INFO] [emu] [TID:139889914817920]   Released lane=1: PC=2 -> 2
80: [0m[0m[32m[CLK:0] [INFO] [emu] [TID:139889914817920]   Released lane=2: PC=2 -> 2
80: [0m[0m[32m[CLK:0] [INFO] [emu] [TID:139889914817920]   Released lane=3: PC=2 -> 2
80: [0m[0m[32m[CLK:0] [INFO] [emu] [TID:139889914817920]   Released lane=4: PC=2 -> 2
80: [0m[0m[32m[CLK:0] [INFO] [emu] [TID:139889914817920]   Released lane=5: PC=2 -> 2
80: [0m[0m[32m[CLK:0] [INFO] [emu] [TID:139889914817920]   Released lane=6: PC=2 -> 2
80: [0m[0m[32m[CLK:0] [INFO] [emu] [TID:139889914817920]   Released lane=7: PC=2 -> 2
80: [0m[0m[32m[CLK:0] [INFO] [emu] [TID:139889914817920]   Released lane=8: PC=2 -> 2
80: [0m[0m[32m[CLK:0] [INFO] [emu] [TID:139889914817920]   Released lane=9: PC=2 -> 2
80: [0m[0m[32m[CLK:0] [INFO] [emu] [TID:139889914817920]   Released lane=10: PC=2 -> 2
80: [0m[0m[32m[CLK:0] [INFO] [emu] [TID:139889914817920]   Released lane=11: PC=2 -> 2
80: [0m[0m[32m[CLK:0] [INFO] [emu] [TID:139889914817920]   Released lane=12: PC=2 -> 2
80: [0m[0m[32m[CLK:0] [INFO] [emu] [TID:139889914817920]   Released lane=13: PC=2 -> 2
80: [0m[0m[32m[CLK:0] [INFO] [emu] [TID:139889914817920]   Released lane=14: PC=2 -> 2
80: [0m[0m[32m[CLK:0] [INFO] [emu] [TID:139889914817920]   Released lane=15: PC=2 -> 2
80: [0m[0m[32m[CLK:0] [INFO] [emu] [TID:139889914817920]   Released lane=16: PC=2 -> 2
80: [0m[0m[32m[CLK:0] [INFO] [emu] [TID:139889914817920]   Released lane=17: PC=2 -> 2
80: [0m[0m[32m[CLK:0] [INFO] [emu] [TID:139889914817920]   Released lane=18: PC=2 -> 2
80: [0m[0m[32m[CLK:0] [INFO] [emu] [TID:139889914817920]   Released lane=19: PC=2 -> 2
80: [0m[0m[32m[CLK:0] [INFO] [emu] [TID:139889914817920]   Released lane=20: PC=2 -> 2
80: [0m[0m[32m[CLK:0] [INFO] [emu] [TID:139889914817920]   Released lane=21: PC=2 -> 2
80: [0m[0m[32m[CLK:0] [INFO] [emu] [TID:139889914817920]   Released lane=22: PC=2 -> 2
80: [0m[0m[32m[CLK:0] [INFO] [emu] [TID:139889914817920]   Released lane=23: PC=2 -> 2
80: [0m[0m[32m[CLK:0] [INFO] [emu] [TID:139889914817920]   Released lane=24: PC=2 -> 2
80: [0m[0m[32m[CLK:0] [INFO] [emu] [TID:139889914817920]   Released lane=25: PC=2 -> 2
80: [0m[0m[32m[CLK:0] [INFO] [emu] [TID:139889914817920]   Released lane=26: PC=2 -> 2
80: [0m[0m[32m[CLK:0] [INFO] [emu] [TID:139889914817920]   Released lane=27: PC=2 -> 2
80: [0m[0m[32m[CLK:0] [INFO] [emu] [TID:139889914817920]   Released lane=28: PC=2 -> 2
80: [0m[0m[32m[CLK:0] [INFO] [emu] [TID:139889914817920]   Released lane=29: PC=2 -> 2
80: [0m[0m[32m[CLK:0] [INFO] [emu] [TID:139889914817920]   Released lane=30: PC=2 -> 2
80: [0m[0m[32m[CLK:0] [INFO] [emu] [TID:139889914817920]   Released lane=31: PC=1 -> 2
80: [0m[0m===============================================================================
80: All tests passed (243 assertions in 8 test cases)
80: 
1/1 Test #80: integration_warp_barrier .........   Passed    0.04 sec

The following tests passed:
	integration_warp_barrier

100% tests passed, 0 tests failed out of 1

Label Time Summary:
integration    =   0.04 sec*proc (1 test)
regression     =   0.04 sec*proc (1 test)
wbar           =   0.04 sec*proc (1 test)

Total Test time (real) =   0.09 sec
UpdateCTestConfiguration  from :/workspace/project/PTX-EMU/build/DartConfiguration.tcl
UpdateCTestConfiguration  from :/workspace/project/PTX-EMU/build/DartConfiguration.tcl
Test project /workspace/project/PTX-EMU/build
Constructing a list of tests
Done constructing a list of tests
Updating test list for fixtures
Added 0 tests to meet fixture requirements
Checking test dependency graph...
Checking test dependency graph end
test 83
    Start 83: integration_divergence_sync_convergence

83: Test command: /workspace/project/PTX-EMU/build/bin/tests/integration_divergence_sync_convergence
83: Working Directory: /workspace/project/PTX-EMU/build/tests/integration
83: Test timeout computed to be: 10000000
83: Randomness seeded to: 389600262
83: [34m[CLK:0] [DEBUG] [emu] [TID:140151777230208] Initialized ResourceManager with 1 SMs, each with 8192 bytes shared memory
83: [0m[0m[34m[CLK:0] [DEBUG] [emu] [TID:140151777230208] Calculated shared memory size needed: 0 bytes
83: [0m[0m[34m[CLK:0] [DEBUG] [emu] [TID:140151777230208] Calculated local memory size needed per thread: 0 bytes
83: [0m[0m[34m[CLK:0] [DEBUG] [emu] [TID:140151777230208] Allocated 1024 bytes of shared memory at 0x55fd7f014da0 for block 0, total allocated: 1024
83: [0m[0m[34m[CLK:0] [DEBUG] [emu] [TID:140151777230208] Using provided SHARED memory of size 1024 at 0x55fd7f014da0
83: [0m[0m[34m[CLK:0] [DEBUG] [emu] [TID:140151777230208] Successfully added block with 1024 shared memory bytes, 1 warps to SM 0
83: [0m[0m[34m[CLK:0] [DEBUG] [emu] [TID:140151777230208]          -> SIMT Stack push: branch_pc=4, reconvergence_pc=14
83:            taken_mask=[0000FFFF]
83:          SIMT Stack (depth=1):
83:            [0] branch_pc=4, reconvergence_pc=14, active_mask=0xFFFF, return_pc=14
83: [0m[0m[34m[CLK:0] [DEBUG] [emu] [TID:140151777230208]          -> convergence point: blocking at reconvergence_pc=14: 1 path(s) pending
83:            pending path: PC=28 [0000FFFF]
83:            next scheduled: PC=28 [0000FFFF]
83: [0m[0m[34m[CLK:0] [DEBUG] [emu] [TID:140151777230208]          -> SIMT Stack pop: reconvergence_pc=14
83: [0m[0m[34m[CLK:0] [DEBUG] [emu] [TID:140151777230208] Warning: SMContext destroyed with 1024 bytes of allocated shared memory
83: [0m[0m[34m[CLK:0] [DEBUG] [emu] [TID:140151777230208] ResourceManager already initialized with 1 SMs, skipping re-initialization
83: [0m[0m[34m[CLK:0] [DEBUG] [emu] [TID:140151777230208] Calculated shared memory size needed: 0 bytes
83: [0m[0m[34m[CLK:0] [DEBUG] [emu] [TID:140151777230208] Calculated local memory size needed per thread: 0 bytes
83: [0m[0m[34m[CLK:0] [DEBUG] [emu] [TID:140151777230208] Allocated 1024 bytes of shared memory at 0x55fd7f0143e0 for block 0, total allocated: 2048
83: [0m[0m[34m[CLK:0] [DEBUG] [emu] [TID:140151777230208] Using provided SHARED memory of size 1024 at 0x55fd7f0143e0
83: [0m[0m[34m[CLK:0] [DEBUG] [emu] [TID:140151777230208] Successfully added block with 1024 shared memory bytes, 1 warps to SM 0
83: [0m[0m[34m[CLK:0] [DEBUG] [emu] [TID:140151777230208]          -> SIMT Stack push: branch_pc=4, reconvergence_pc=14
83:            taken_mask=[0000FFFF]
83:          SIMT Stack (depth=1):
83:            [0] branch_pc=4, reconvergence_pc=14, active_mask=0xFFFF, return_pc=14
83: [0m[0m[34m[CLK:0] [DEBUG] [emu] [TID:140151777230208]          -> convergence point: blocking at reconvergence_pc=14: 1 path(s) pending
83:            pending path: PC=28 [0000FFFF]
83:            next scheduled: PC=28 [0000FFFF]
83: [0m[0m[34m[CLK:0] [DEBUG] [emu] [TID:140151777230208]          -> SIMT Stack pop: reconvergence_pc=14
83: [0m[0m[34m[CLK:0] [DEBUG] [emu] [TID:140151777230208] Warning: SMContext destroyed with 1024 bytes of allocated shared memory
83: [0m[0m===============================================================================
83: All tests passed (76 assertions in 2 test cases)
83: 
83: [34m[CLK:0] [DEBUG] [emu] [TID:140151777230208] Warning: SharedMemoryManager destroyed with 2048 bytes of allocated shared memory still remaining
83: [0m[0m
1/1 Test #83: integration_divergence_sync_convergence ...   Passed    0.07 sec

The following tests passed:
	integration_divergence_sync_convergence

100% tests passed, 0 tests failed out of 1

Label Time Summary:
convergence    =   0.07 sec*proc (1 test)
divergence     =   0.07 sec*proc (1 test)
integration    =   0.07 sec*proc (1 test)

Total Test time (real) =   0.18 sec
UpdateCTestConfiguration  from :/workspace/project/PTX-EMU/build/DartConfiguration.tcl
UpdateCTestConfiguration  from :/workspace/project/PTX-EMU/build/DartConfiguration.tcl
Test project /workspace/project/PTX-EMU/build
Constructing a list of tests
Done constructing a list of tests
Updating test list for fixtures
Added 0 tests to meet fixture requirements
Checking test dependency graph...
Checking test dependency graph end
test 85
    Start 85: integration_nested_divergence

85: Test command: /workspace/project/PTX-EMU/build/bin/tests/integration_nested_divergence
85: Working Directory: /workspace/project/PTX-EMU/build/tests/integration
85: Test timeout computed to be: 10000000
85: Randomness seeded to: 892988904
85: ===============================================================================
85: All tests passed (73 assertions in 1 test case)
85: 
1/1 Test #85: integration_nested_divergence ....   Passed    0.06 sec

The following tests passed:
	integration_nested_divergence

100% tests passed, 0 tests failed out of 1

Label Time Summary:
divergence     =   0.06 sec*proc (1 test)
integration    =   0.06 sec*proc (1 test)
nested         =   0.06 sec*proc (1 test)

Total Test time (real) =   0.12 sec
=== FLAKY TEST CHECK: Run 1 ===
Test project /workspace/project/PTX-EMU/build
      Start 76: integration_barrier_module
 1/16 Test #76: integration_barrier_module ..................   Passed    0.11 sec
      Start 77: integration_barrier_scenarios
 2/16 Test #77: integration_barrier_scenarios ...............   Passed    0.09 sec
      Start 78: integration_barrier_verification
 3/16 Test #78: integration_barrier_verification ............   Passed    0.05 sec
      Start 79: integration_barrier_divergence_scheduling
 4/16 Test #79: integration_barrier_divergence_scheduling ...   Passed    0.06 sec
      Start 80: integration_warp_barrier
 5/16 Test #80: integration_warp_barrier ....................   Passed    0.07 sec
      Start 81: integration_simt_stack_entry
 6/16 Test #81: integration_simt_stack_entry ................   Passed    0.05 sec
      Start 82: integration_simt_thread_pc
 7/16 Test #82: integration_simt_thread_pc ..................   Passed    0.07 sec
      Start 83: integration_divergence_sync_convergence
 8/16 Test #83: integration_divergence_sync_convergence .....   Passed    0.03 sec
      Start 84: integration_divergence_sync_standalone
 9/16 Test #84: integration_divergence_sync_standalone ......   Passed    0.09 sec
      Start 85: integration_nested_divergence
10/16 Test #85: integration_nested_divergence ...............   Passed    0.04 sec
      Start 86: integration_post_barrier_divergence
11/16 Test #86: integration_post_barrier_divergence .........   Passed    0.07 sec
      Start 87: integration_warp_state
12/16 Test #87: integration_warp_state ......................   Passed    0.03 sec
      Start 88: integration_ptx_lane_verification
=== FLAKY TEST CHECK: Run 2 ===
Test project /workspace/project/PTX-EMU/build
      Start 76: integration_barrier_module
 1/16 Test #76: integration_barrier_module ..................   Passed    0.09 sec
      Start 77: integration_barrier_scenarios
 2/16 Test #77: integration_barrier_scenarios ...............   Passed    0.05 sec
      Start 78: integration_barrier_verification
 3/16 Test #78: integration_barrier_verification ............   Passed    0.06 sec
      Start 79: integration_barrier_divergence_scheduling
 4/16 Test #79: integration_barrier_divergence_scheduling ...   Passed    0.04 sec
      Start 80: integration_warp_barrier
 5/16 Test #80: integration_warp_barrier ....................   Passed    0.05 sec
      Start 81: integration_simt_stack_entry
 6/16 Test #81: integration_simt_stack_entry ................   Passed    0.03 sec
      Start 82: integration_simt_thread_pc
 7/16 Test #82: integration_simt_thread_pc ..................   Passed    0.05 sec
      Start 83: integration_divergence_sync_convergence
13/16 Test #88: integration_ptx_lane_verification ...........   Passed    0.69 sec
      Start 89: integration_pc_management
 8/16 Test #83: integration_divergence_sync_convergence .....   Passed    0.08 sec
      Start 84: integration_divergence_sync_standalone
14/16 Test #89: integration_pc_management ...................   Passed    0.09 sec
      Start 90: integration_sync_mechanism
 9/16 Test #84: integration_divergence_sync_standalone ......   Passed    0.10 sec
      Start 85: integration_nested_divergence
15/16 Test #90: integration_sync_mechanism ..................   Passed    0.04 sec
      Start 91: integration_syncthreads_full_pipeline
10/16 Test #85: integration_nested_divergence ...............   Passed    0.05 sec
      Start 86: integration_post_barrier_divergence
16/16 Test #91: integration_syncthreads_full_pipeline .......   Passed    0.13 sec
11/16 Test #86: integration_post_barrier_divergence .........   Passed    0.11 sec
      Start 87: integration_warp_state

100% tests passed, 0 tests failed out of 16

Label Time Summary:
barrier                  =   0.38 sec*proc (5 tests)
barrier_sync             =   0.09 sec*proc (1 test)
convergence              =   0.03 sec*proc (1 test)
divergence               =   0.30 sec*proc (5 tests)
integration              =   1.72 sec*proc (16 tests)
nested                   =   0.04 sec*proc (1 test)
pc                       =   0.09 sec*proc (1 test)
ptx_lane_verification    =   0.69 sec*proc (1 test)
regression               =   0.16 sec*proc (2 tests)
simt_stack               =   0.05 sec*proc (1 test)
sync                     =   0.04 sec*proc (1 test)
syncthreads              =   0.13 sec*proc (1 test)
thread_pc                =   0.07 sec*proc (1 test)
warp_state               =   0.03 sec*proc (1 test)
wbar                     =   0.07 sec*proc (1 test)

Total Test time (real) =   2.10 sec
12/16 Test #87: integration_warp_state ......................   Passed    0.08 sec
      Start 88: integration_ptx_lane_verification
13/16 Test #88: integration_ptx_lane_verification ...........   Passed    1.22 sec
      Start 89: integration_pc_management
14/16 Test #89: integration_pc_management ...................   Passed    0.05 sec
      Start 90: integration_sync_mechanism
15/16 Test #90: integration_sync_mechanism ..................   Passed    0.07 sec
      Start 91: integration_syncthreads_full_pipeline
16/16 Test #91: integration_syncthreads_full_pipeline .......   Passed    0.07 sec

100% tests passed, 0 tests failed out of 16

Label Time Summary:
barrier                  =   0.34 sec*proc (5 tests)
barrier_sync             =   0.10 sec*proc (1 test)
convergence              =   0.08 sec*proc (1 test)
divergence               =   0.37 sec*proc (5 tests)
integration              =   2.20 sec*proc (16 tests)
nested                   =   0.05 sec*proc (1 test)
pc                       =   0.05 sec*proc (1 test)
ptx_lane_verification    =   1.22 sec*proc (1 test)
regression               =   0.09 sec*proc (2 tests)
simt_stack               =   0.03 sec*proc (1 test)
sync                     =   0.07 sec*proc (1 test)
syncthreads              =   0.07 sec*proc (1 test)
thread_pc                =   0.05 sec*proc (1 test)
warp_state               =   0.08 sec*proc (1 test)
wbar                     =   0.05 sec*proc (1 test)

Total Test time (real) =   2.50 sec
