Test project /workspace/project/PTX-EMU/build
      Start 76: integration_barrier_module
 1/16 Test #76: integration_barrier_module ..................   Passed    0.51 sec
      Start 77: integration_barrier_scenarios
 2/16 Test #77: integration_barrier_scenarios ...............   Passed    0.19 sec
      Start 78: integration_barrier_verification
 3/16 Test #78: integration_barrier_verification ............   Passed    0.12 sec
      Start 79: integration_barrier_divergence_scheduling
 4/16 Test #79: integration_barrier_divergence_scheduling ...   Passed    0.19 sec
      Start 80: integration_warp_barrier
 5/16 Test #80: integration_warp_barrier ....................   Passed    0.19 sec
      Start 81: integration_simt_stack_entry
 6/16 Test #81: integration_simt_stack_entry ................   Passed    0.10 sec
      Start 82: integration_simt_thread_pc
 7/16 Test #82: integration_simt_thread_pc ..................   Passed    0.15 sec
      Start 83: integration_divergence_sync_convergence
 8/16 Test #83: integration_divergence_sync_convergence .....   Passed    0.09 sec
      Start 84: integration_divergence_sync_standalone
 9/16 Test #84: integration_divergence_sync_standalone ......   Passed    0.28 sec
      Start 85: integration_nested_divergence
10/16 Test #85: integration_nested_divergence ...............   Passed    0.16 sec
      Start 86: integration_post_barrier_divergence
11/16 Test #86: integration_post_barrier_divergence .........   Passed    0.17 sec
      Start 87: integration_warp_state
12/16 Test #87: integration_warp_state ......................   Passed    0.14 sec
      Start 88: integration_ptx_lane_verification
13/16 Test #88: integration_ptx_lane_verification ...........   Passed    1.07 sec
      Start 89: integration_pc_management
14/16 Test #89: integration_pc_management ...................   Passed    0.21 sec
      Start 90: integration_sync_mechanism
15/16 Test #90: integration_sync_mechanism ..................   Passed    0.17 sec
      Start 91: integration_syncthreads_full_pipeline
16/16 Test #91: integration_syncthreads_full_pipeline .......   Passed    0.08 sec

100% tests passed, 0 tests failed out of 16

Label Time Summary:
barrier                  =   1.19 sec*proc (5 tests)
barrier_sync             =   0.28 sec*proc (1 test)
convergence              =   0.09 sec*proc (1 test)
divergence               =   0.90 sec*proc (5 tests)
integration              =   3.85 sec*proc (16 tests)
nested                   =   0.16 sec*proc (1 test)
pc                       =   0.21 sec*proc (1 test)
ptx_lane_verification    =   1.07 sec*proc (1 test)
regression               =   0.38 sec*proc (2 tests)
simt_stack               =   0.10 sec*proc (1 test)
sync                     =   0.17 sec*proc (1 test)
syncthreads              =   0.08 sec*proc (1 test)
thread_pc                =   0.15 sec*proc (1 test)
warp_state               =   0.14 sec*proc (1 test)
wbar                     =   0.19 sec*proc (1 test)

Total Test time (real) =   4.54 sec
