================================================================================
F2 代码质量审查报告 — tests/integration/divergence/
================================================================================
审查时间: 2026-06-04
审查范围: tests/integration/divergence/*.cpp (4 个文件)
构建版本: 编译警告 0 → 强制重编后 2 (deprecation)
测试通过: 4/4 (100%)

================================================================================
1. 文件清单 (与任务描述一致)
================================================================================
✓ test_divergence_sync_convergence.cpp          (268 行, 3 TEST_CASE)
✓ test_divergence_sync_standalone_integrated.cpp(473 行, 4 TEST_CASE)
✓ test_nested_divergence.cpp                    (183 行, 1 TEST_CASE)
✓ test_post_barrier_divergence.cpp              (317 行, 2 TEST_CASE)
✗ test_shortest_path_first.cpp                  (已删除 ✓)
✗ test_divergence_sync_isolated.cpp             (已删除 ✓)
总计 1241 行

TEST_CASE 数量与任务要求一致:
  - test_divergence_sync_convergence:          5→3 ✓
  - test_divergence_sync_standalone:            6→4 ✓
  - test_post_barrier_divergence:               5→2 ✓
  - test_nested_divergence:                     4→1 ✓

================================================================================
2. 静态检查 — 关键 slop 项
================================================================================

[A] assert(false) 残留
  结果: 0 处
  命令: grep -rn "assert(false)" tests/integration/divergence/

[B] 空 catch 块
  结果: 0 处
  命令: grep -rn "catch\s*\([^)]*\)\s*\{\s*\}" tests/integration/divergence/

[C] TODO / FIXME / HACK / XXX / AGENT MEMO
  结果: 1 处 (TODO 注释 — 应当清理)
  - test_nested_divergence.cpp:103
    `// TODO: 添加真正的嵌套分歧测试（两级 @%p bra 推送 SIMT stack entry）`
  注: 紧跟 init_execution_environment() 之后的悬挂 TODO,与实际测试无关
      任务要求"无 TODO 注释不必要" → 应当清理

[D] 文件名残留 (AI slop — 模板未清理)
  结果: 1 处
  - test_nested_divergence.cpp:2
    `* @file test_syncthreads_test3_isolated.cpp`
    注: 与实际文件名不匹配(应为 test_nested_divergence.cpp)
  - test_divergence_sync_standalone_integrated.cpp:18
    `// NOTE: 原 test_divergence_sync_isolated.cpp 的屏障同步测试已合并到此处。`
    注: 历史迁移说明,不再构建的文件,建议清理

[E] KNOWN-ISSUE / WORKAROUND / BUG 标识
  结果: 4 处,均为合理使用 (test_post_barrier_divergence.cpp)
  - L97: TEST_CASE("KNOWN-ISSUE: bar.warp.sync releases threads but active_mask not updated")
  - L152: SECTION("BUG: Execute barrier instruction, then post-barrier mov")
  - L188: 注释 "// 3. BUG: active_mask NOT updated!"
  - L246: TEST_CASE("WORKAROUND-VERIFY: Manual set_active_mask fixes post-barrier execution")
  注: 该文件的核心目的即为记录并验证 KNOWN ISSUE 和 WORKAROUND,合理保留

[F] 未使用 include 头 (LSP warning — unused-includes)
  结果: 11 个警告,分布在 4 个文件
  - test_nested_divergence.cpp:                 memory, vector
  - test_post_barrier_divergence.cpp:           cstdint, array, memory
  - test_divergence_sync_convergence.cpp:       vector, memory, cstdint
  - test_divergence_sync_standalone_integrated.cpp: array, map, memory, vector, cstdint

[G] deprecation 编译警告
  结果: 2 处
  - test_post_barrier_divergence.cpp:182
    `set_thread_pc() is deprecated: Use advance_thread_pc() instead`
  - test_post_barrier_divergence.cpp:298
    `set_thread_pc() is deprecated: Use advance_thread_pc() instead`
  注: 调用方使用已废弃 API,应改为 advance_thread_pc()

[H] clang-format 合规性 (clang-format-22,项目 .clang-format LLVM based)
  结果: 323 处格式违规,4 个文件全部不合规
  - test_divergence_sync_convergence.cpp:        76 处
  - test_divergence_sync_standalone_integrated.cpp: 109 处
  - test_nested_divergence.cpp:                  79 处
  - test_post_barrier_divergence.cpp:            59 处
  主要问题类型:
    - 长行未折行(注释行 >80 列)
    - 连续 using 声明未合并排序
    - 短语句垂直对齐过紧
    - 模板长参数行未正确断行

================================================================================
3. 编译验证
================================================================================
$ cmake --build . --target integration_divergence_sync_convergence \
                       integration_divergence_sync_standalone \
                       integration_nested_divergence \
                       integration_post_barrier_divergence

强制重编 (删 .o) 后 warnings:
  - 2 个 deprecation 警告 (test_post_barrier_divergence.cpp L182, L298)
  - 0 个 error

[OK] 4 个目标全部构建成功

================================================================================
4. 测试验证
================================================================================
$ ctest -R "integration_(divergence|nested|post_barrier)" -V

Test #79: integration_divergence_sync_convergence  Passed (244 assertions, 3 cases)
Test #80: integration_divergence_sync_standalone  Passed (4 cases)
Test #81: integration_nested_divergence            Passed (73 assertions, 1 case)
Test #82: integration_post_barrier_divergence      Passed (8 assertions, 2 cases)

100% tests passed, 0 tests failed out of 4
Total Test time: 0.36 sec

[OK] 所有功能测试通过

================================================================================
5. 总结
================================================================================
Build       : PASS  (0 errors, 2 deprecation warnings)
Warnings    : 13    (2 compile deprecation + 11 LSP unused-includes)
AI Slop     : 4     (1 TODO + 1 文件名残留 + 1 NOTE + 0 assert/catch)
Files       : 0 clean / 4 issues

问题清单 (待修复):
  1. test_nested_divergence.cpp:103 — 清理悬挂 TODO 注释
  2. test_nested_divergence.cpp:2   — 修正 @file 文件名
  3. test_divergence_sync_standalone_integrated.cpp:18 — 清理历史 NOTE
  4. test_post_barrier_divergence.cpp:182,298 — 替换 set_thread_pc() → advance_thread_pc()
  5. 4 个文件 11 处未使用 include — 删除
  6. 4 个文件 323 处 clang-format 违规 — 格式化

================================================================================
VERDICT: REJECT
================================================================================
原因:
  - 1 处 TODO 注释 (违反"无 TODO 注释不必要"规则)
  - 1 处文件名残留 (AI slop)
  - 11 处未使用 include (LSP warning)
  - 2 处 deprecation API (应迁移到 advance_thread_pc)
  - 323 处 clang-format 违规 (违反"clang-format 合规"基本要求)
  - 测试功能正常,建议修复以上格式与 slop 后重新提交审查
================================================================================
