Task 3: Delete test_divergence_sync_isolated.cpp + clean up standalone metadata
Date: 2026-06-04
Branch: main
Commit: baa8c4e (pre-change)

=== File Operations ===

1. DELETE: tests/integration/divergence/test_divergence_sync_isolated.cpp
   Result: PASS (file no longer exists)

2. EDIT: tests/integration/CMakeLists.txt
   Removed 4 lines (lines 77-80):
     add_catch_test(integration_divergence_sync_isolated
         divergence/test_divergence_sync_isolated.cpp
     )
     set_tests_properties(integration_divergence_sync_isolated PROPERTIES LABELS "integration;divergence;barrier_sync")
   Result: PASS (iso refs = 0)

3. EDIT: scripts/sanity.sh line 176
   OLD: run_regex_tests "test_divergence_sync_standalone|test_divergence_sync_isolated" "Divergence + barrier sync (standalone + isolated)"
   NEW: run_regex_tests "test_divergence_sync_standalone" "Divergence + barrier sync (standalone)"
   Result: PASS (iso refs = 0)

4. EDIT: tests/integration/divergence/test_divergence_sync_standalone_integrated.cpp
   - Added tombstone comment after @file header (3 lines):
     // NOTE: 原 test_divergence_sync_isolated.cpp 的屏障同步测试已合并到此处。
     // 该文件使用 setp+selp 谓词化（非真实 SIMT 分歧），其屏障行为覆盖已由本文件的
     // "barrier releases all threads" 和 "full warp barrier-then-divergence flow" 覆盖。
   - Deleted TEST_CASE: "divergence_sync_standalone: statement sequence structure" (30 lines)
   - Deleted TEST_CASE: "divergence_sync_standalone: handler registration" (12 lines)
   Result: PASS (TEST_CASE count 6 → 4, file lines 466 → 427)

=== Verification ===

Pre-build checks:
  test -f test_divergence_sync_isolated.cpp  → exit 1 (PASS, file gone)
  grep -c "divergence_sync_isolated" CMakeLists.txt → 0 (PASS)
  grep -c "divergence_sync_isolated" sanity.sh → 0 (PASS)
  grep -c "TEST_CASE" standalone → 4 (PASS, was 6)
  Tombstone present in head of file: PASS

Build: cmake --build build → 100% success, 0 errors, 0 warnings

ctest -R integration_divergence_sync_standalone -V:
  1/1 Test #79: integration_divergence_sync_standalone ...   Passed    0.45 sec
  100% tests passed, 0 tests failed out of 1
  All tests passed (64 assertions in 4 test cases)

=== Lines Changed Per File ===

  tests/integration/divergence/test_divergence_sync_isolated.cpp: -239 (deleted)
  tests/integration/CMakeLists.txt: -4 (lines 77-80 removed)
  scripts/sanity.sh: ~1 line (regex + description updated)
  tests/integration/divergence/test_divergence_sync_standalone_integrated.cpp:
    +4 (tombstone blank line + 3 comment lines)
    -43 (2 TEST_CASEs: 30 + 12 + 1 blank)
    Net: -39 lines

=== Compliance with Guardrails ===

[x] No src/ptxsim/** code modified
[x] No StatementFactory helpers added
[x] No new TEST_CASE added
[x] No E2E tests touched
[x] integration_barrier_divergence_scheduling (barrier/) untouched
[x] divergence/ directory not renamed
[x] No ctest target renamed (only deletion)
[x] No .opencode/skills/ modified
[x] init_factory_once helper preserved
[x] Standalone execution test logic unmodified
[x] Did not merge iso's execution tests (per Must NOT do)
[x] Tombstone added per plan requirement (line 301-306)

=== Result: PASS ===
