=== Task 4: test_post_barrier_divergence.cpp merge (5→2 TEST_CASE) ===
Date: 2026-06-04T04:02:11Z

--- TEST_CASE count ---
2

--- Renamed TEST_CASE names ---
TEST_CASE("KNOWN-ISSUE: bar.warp.sync releases threads but active_mask not updated",
TEST_CASE("WORKAROUND-VERIFY: Manual set_active_mask fixes post-barrier execution",

--- File line count ---
317 /workspace/project/PTX-EMU/tests/integration/divergence/test_post_barrier_divergence.cpp

--- CMake build (last 3 lines) ---
[100%] Built target cute_hello_tiled_copy
[100%] Built target cute_rmsnorm_obj
[100%] Built target cute_rmsnorm

--- ctest verbose output ---
	integration_post_barrier_divergence

100% tests passed, 0 tests failed out of 1

Label Time Summary:
barrier        =   0.43 sec*proc (1 test)
divergence     =   0.43 sec*proc (1 test)
integration    =   0.43 sec*proc (1 test)

Total Test time (real) =   0.63 sec

--- Catch2 test runner output ---
81: All tests passed (8 assertions in 2 test cases)
