## Task 5: 合并 test_divergence_sync_convergence.cpp (5→3 TEST_CASE)

### 时间
2026-06-04

### 结果
PASS

### 验证步骤

#### 1. TEST_CASE 数量
```bash
$ grep -c "TEST_CASE" tests/integration/divergence/test_divergence_sync_convergence.cpp
3
```
预期：3 ✓

#### 2. TEST_CASE 名称
```
TEST_CASE("scheduler switches at convergence and picks lowest non-blocked PC",
TEST_CASE("two level div with convergence block",
TEST_CASE("boundary convergence requires all active_mask lanes",
```
预期：3 个匹配名称 ✓

#### 3. 断言数
```bash
$ grep -c "CHECK\|REQUIRE" tests/integration/divergence/test_divergence_sync_convergence.cpp
66
```
(注：grep 计数字符串匹配数；ctest 报告为 100 个实际断言。差异是嵌套 CHECK/REQUIRE 在循环/块中)

#### 4. 文件行数
```bash
$ wc -l tests/integration/divergence/test_divergence_sync_convergence.cpp
268 test_divergence_sync_convergence.cpp
```
原 328 行 → 现 268 行（减少 60 行）

#### 5. 构建
```bash
$ cmake --build build --target integration_divergence_sync_convergence
[100%] Built target integration_divergence_sync_convergence
```
零错误零警告 ✓

#### 6. ctest 运行
```
1/1 Test #78: integration_divergence_sync_convergence ...   Passed    0.06 sec
===============================================================================
All tests passed (100 assertions in 3 test cases)
100% tests passed, 0 tests failed out of 1
```

### 变更摘要

| TEST_CASE | 状态 | 来源 |
|-----------|------|------|
| "scheduler switches at convergence and picks lowest non-blocked PC" | 新（合并） | 原 Test A + Test C |
| "two level div with convergence block" | 保留（未动） | 原 Test B |
| "boundary convergence requires all active_mask lanes" | 新（合并） | 原 Test D + Test E |

### 断言保留验证

#### Test A+C 合并（原 5 → 1，关键断言保留）：
- ✓ `pm.size() == 2`（line 121，原 Test A）
- ✓ `step_warp(w, v) == PATH_A_START`（line 124，原 Test A 覆盖 Test C 核心断言）
- ✓ `check_reconvergence() == false`（line 137）
- ✓ `is_blocked` 验证（line 145-146）
- ✓ Path B 完整 step_warp 序列（line 153-160）
- ✓ 汇聚后状态恢复（line 165-172）

#### Test D+E 合并（原 5 → 1，关键断言保留）：
- ✓ `check_reconvergence() == false`（从 Test E 引入，line ~283）
- ✓ Path A → PC=14 阻塞
- ✓ Path B → BRA_UNI_PC
- ✓ `simt_stack().empty()`

#### Test B 保留：
未做任何修改 ✓

### 合规检查

- [x] 5 → 3 TEST_CASE（计划要求 ✓）
- [x] ctest 通过（100 assertions PASS）
- [x] 保留 Test A/C 和 D/E 的所有关键断言
- [x] Test B 未动
- [x] `build_instrs()` / `setup()` helper 未改
- [x] 0 build errors, 0 warnings
