=== Task 2: Deletion of integration_shortest_path_first ===
Date: 2026-06-04

## File Deletion Verification
PASS: file deleted

## CMakeLists.txt Cleanup
0
0 occurrences remaining
(Expected: 0)

## AGENTS.md:207 Check
No integration_shortest_path_first reference at line 207 (confirmed before edit)
Line 207: | integration;divergence | 分歧与 reconvergence | integration_divergence_sync_isolated, integration_divergence_sync_convergence |

## workflow-state.md:85 Update
- tests/test_shortest_path_first.cpp - 短路径优先测试 [DELETED in refactor 2026-06-04]

## Build Verification
[100%] Built target cute_hello_tiled_copy
[100%] Built target cute_rmsnorm_obj
[100%] Built target cute_rmsnorm
(Expected: [100%] Built target ... or similar success)

## ctest Verification
Test project /workspace/project/PTX-EMU
No tests were found!!!
(Expected: "No tests were found!!!")

## Summary
- File removed: tests/integration/divergence/test_shortest_path_first.cpp
- CMakeLists.txt: -4 lines (97-100)
- AGENTS.md: no change needed (no reference)
- workflow-state.md: +"[DELETED in refactor 2026-06-04]" marker
- ptx-lane-verification/SKILL.md: +5 line note block at line 446 area
- Build: PASS
- ctest: PASS (no tests found)
