UpdateCTestConfiguration  from :/workspace/project/PTX-EMU/build/DartConfiguration.tcl
UpdateCTestConfiguration  from :/workspace/project/PTX-EMU/build/DartConfiguration.tcl
Test project /workspace/project/PTX-EMU/build
Constructing a list of tests
Done constructing a list of tests
Updating test list for fixtures
Added 0 tests to meet fixture requirements
Checking test dependency graph...
Checking test dependency graph end
test 78
    Start 78: integration_divergence_sync_isolated

78: Test command: /workspace/project/PTX-EMU/build/bin/tests/integration_divergence_sync_isolated
78: Working Directory: /workspace/project/PTX-EMU/build/tests/integration
78: Test timeout computed to be: 10000000
78: Randomness seeded to: 611175871
78: [32m[CLK:0] [INFO] [emu] [TID:139693027741056] bar.warp.sync: Barrier complete, releasing 8 threads to PC=9 (mask=0xFF arrived=0xFF)
78: [0m[0m[32m[CLK:0] [INFO] [emu] [TID:139693027741056]   Released lane=0: PC=7 -> 9
78: [0m[0m[32m[CLK:0] [INFO] [emu] [TID:139693027741056]   Released lane=1: PC=7 -> 9
78: [0m[0m[32m[CLK:0] [INFO] [emu] [TID:139693027741056]   Released lane=2: PC=7 -> 9
78: [0m[0m[32m[CLK:0] [INFO] [emu] [TID:139693027741056]   Released lane=3: PC=7 -> 9
78: [0m[0m[32m[CLK:0] [INFO] [emu] [TID:139693027741056]   Released lane=4: PC=7 -> 9
78: [0m[0m[32m[CLK:0] [INFO] [emu] [TID:139693027741056]   Released lane=5: PC=7 -> 9
78: [0m[0m[32m[CLK:0] [INFO] [emu] [TID:139693027741056]   Released lane=6: PC=7 -> 9
78: [0m[0m[32m[CLK:0] [INFO] [emu] [TID:139693027741056]   Released lane=7: PC=6 -> 9
78: [0m[0m===============================================================================
78: All tests passed (48 assertions in 4 test cases)
78: 
1/6 Test #78: integration_divergence_sync_isolated ......   Passed    0.21 sec
test 79
    Start 79: integration_divergence_sync_convergence

79: Test command: /workspace/project/PTX-EMU/build/bin/tests/integration_divergence_sync_convergence
79: Working Directory: /workspace/project/PTX-EMU/build/tests/integration
79: Test timeout computed to be: 10000000
79: Randomness seeded to: 4079723060
79: [34m[CLK:0] [DEBUG] [emu] [TID:140189259971968] Initialized ResourceManager with 1 SMs, each with 8192 bytes shared memory
79: [0m[0m[34m[CLK:0] [DEBUG] [emu] [TID:140189259971968] Calculated shared memory size needed: 0 bytes
79: [0m[0m[34m[CLK:0] [DEBUG] [emu] [TID:140189259971968] Calculated local memory size needed per thread: 0 bytes
79: [0m[0m[34m[CLK:0] [DEBUG] [emu] [TID:140189259971968] Allocated 1024 bytes of shared memory at 0x55d9d038a380 for block 0, total allocated: 1024
79: [0m[0m[34m[CLK:0] [DEBUG] [emu] [TID:140189259971968] Using provided SHARED memory of size 1024 at 0x55d9d038a380
79: [0m[0m[34m[CLK:0] [DEBUG] [emu] [TID:140189259971968] Successfully added block with 1024 shared memory bytes, 1 warps to SM 0
79: [0m[0m[34m[CLK:0] [DEBUG] [emu] [TID:140189259971968]          -> SIMT Stack push: branch_pc=4, reconvergence_pc=14
79:            taken_mask=[0000FFFF]
79:          SIMT Stack (depth=1):
79:            [0] branch_pc=4, reconvergence_pc=14, active_mask=0xFFFF, return_pc=14
79: [0m[0m[34m[CLK:0] [DEBUG] [emu] [TID:140189259971968]          -> convergence point: blocking at reconvergence_pc=14: 1 path(s) pending
79:            pending path: PC=28 [0000FFFF]
79:            next scheduled: PC=28 [0000FFFF]
79: [0m[0m[34m[CLK:0] [DEBUG] [emu] [TID:140189259971968]          -> SIMT Stack pop: reconvergence_pc=14
79: [0m[0m[34m[CLK:0] [DEBUG] [emu] [TID:140189259971968] Warning: SMContext destroyed with 1024 bytes of allocated shared memory
79: [0m[0m[34m[CLK:0] [DEBUG] [emu] [TID:140189259971968] ResourceManager already initialized with 1 SMs, skipping re-initialization
79: [0m[0m[34m[CLK:0] [DEBUG] [emu] [TID:140189259971968] Calculated shared memory size needed: 0 bytes
79: [0m[0m[34m[CLK:0] [DEBUG] [emu] [TID:140189259971968] Calculated local memory size needed per thread: 0 bytes
79: [0m[0m[34m[CLK:0] [DEBUG] [emu] [TID:140189259971968] Allocated 1024 bytes of shared memory at 0x55d9d0389a10 for block 0, total allocated: 2048
79: [0m[0m[34m[CLK:0] [DEBUG] [emu] [TID:140189259971968] Using provided SHARED memory of size 1024 at 0x55d9d0389a10
79: [0m[0m[34m[CLK:0] [DEBUG] [emu] [TID:140189259971968] Successfully added block with 1024 shared memory bytes, 1 warps to SM 0
79: [0m[0m[34m[CLK:0] [DEBUG] [emu] [TID:140189259971968]          -> SIMT Stack push: branch_pc=4, reconvergence_pc=14
79:            taken_mask=[0000FFFF]
79:          SIMT Stack (depth=1):
79:            [0] branch_pc=4, reconvergence_pc=14, active_mask=0xFFFF, return_pc=14
79: [0m[0m[34m[CLK:0] [DEBUG] [emu] [TID:140189259971968]          -> SIMT Stack pop: reconvergence_pc=14
79: [0m[0m[34m[CLK:0] [DEBUG] [emu] [TID:140189259971968]          -> convergence point: blocking at reconvergence_pc=14: 1 path(s) pending
79:            pending path: PC=28 [0000FFFF]
79:            next scheduled: PC=28 [0000FFFF]
79: [0m[0m[34m[CLK:0] [DEBUG] [emu] [TID:140189259971968]          -> SIMT Stack pop: reconvergence_pc=14
79: [0m[0m[34m[CLK:0] [DEBUG] [emu] [TID:140189259971968] Warning: SMContext destroyed with 1024 bytes of allocated shared memory
79: [0m[0m[34m[CLK:0] [DEBUG] [emu] [TID:140189259971968] ResourceManager already initialized with 1 SMs, skipping re-initialization
79: [0m[0m[34m[CLK:0] [DEBUG] [emu] [TID:140189259971968] Calculated shared memory size needed: 0 bytes
79: [0m[0m[34m[CLK:0] [DEBUG] [emu] [TID:140189259971968] Calculated local memory size needed per thread: 0 bytes
79: [0m[0m[34m[CLK:0] [DEBUG] [emu] [TID:140189259971968] Allocated 1024 bytes of shared memory at 0x55d9d0389290 for block 0, total allocated: 3072
79: [0m[0m[34m[CLK:0] [DEBUG] [emu] [TID:140189259971968] Using provided SHARED memory of size 1024 at 0x55d9d0389290
79: [0m[0m[34m[CLK:0] [DEBUG] [emu] [TID:140189259971968] Successfully added block with 1024 shared memory bytes, 1 warps to SM 0
79: [0m[0m[34m[CLK:0] [DEBUG] [emu] [TID:140189259971968]          -> SIMT Stack push: branch_pc=4, reconvergence_pc=14
79:            taken_mask=[0000FFFF]
79:          SIMT Stack (depth=1):
79:            [0] branch_pc=4, reconvergence_pc=14, active_mask=0xFFFF, return_pc=14
79: [0m[0m[34m[CLK:0] [DEBUG] [emu] [TID:140189259971968]          -> convergence point: blocking at reconvergence_pc=14: 1 path(s) pending
79:            pending path: PC=28 [0000FFFF]
79:            next scheduled: PC=28 [0000FFFF]
79: [0m[0m[34m[CLK:0] [DEBUG] [emu] [TID:140189259971968]          -> SIMT Stack pop: reconvergence_pc=14
79: [0m[0m[34m[CLK:0] [DEBUG] [emu] [TID:140189259971968] Warning: SMContext destroyed with 1024 bytes of allocated shared memory
79: [0m[0m[34m[CLK:0] [DEBUG] [emu] [TID:140189259971968] ResourceManager already initialized with 1 SMs, skipping re-initialization
79: [0m[0m[34m[CLK:0] [DEBUG] [emu] [TID:140189259971968] Calculated shared memory size needed: 0 bytes
79: [0m[0m[34m[CLK:0] [DEBUG] [emu] [TID:140189259971968] Calculated local memory size needed per thread: 0 bytes
79: [0m[0m[34m[CLK:0] [DEBUG] [emu] [TID:140189259971968] Allocated 1024 bytes of shared memory at 0x55d9d03888e0 for block 0, total allocated: 4096
79: [0m[0m[34m[CLK:0] [DEBUG] [emu] [TID:140189259971968] Using provided SHARED memory of size 1024 at 0x55d9d03888e0
79: [0m[0m[34m[CLK:0] [DEBUG] [emu] [TID:140189259971968] Successfully added block with 1024 shared memory bytes, 1 warps to SM 0
79: [0m[0m[34m[CLK:0] [DEBUG] [emu] [TID:140189259971968]          -> SIMT Stack push: branch_pc=4, reconvergence_pc=14
79:            taken_mask=[0000FFFF]
79:          SIMT Stack (depth=1):
79:            [0] branch_pc=4, reconvergence_pc=14, active_mask=0xFFFF, return_pc=14
79: [0m[0m[34m[CLK:0] [DEBUG] [emu] [TID:140189259971968]          -> convergence point: blocking at reconvergence_pc=14: 1 path(s) pending
79:            pending path: PC=28 [0000FFFF]
79:            next scheduled: PC=28 [0000FFFF]
79: [0m[0m[34m[CLK:0] [DEBUG] [emu] [TID:140189259971968]          -> SIMT Stack pop: reconvergence_pc=14
79: [0m[0m[34m[CLK:0] [DEBUG] [emu] [TID:140189259971968] Warning: SMContext destroyed with 1024 bytes of allocated shared memory
79: [0m[0m[34m[CLK:0] [DEBUG] [emu] [TID:140189259971968] ResourceManager already initialized with 1 SMs, skipping re-initialization
79: [0m[0m[34m[CLK:0] [DEBUG] [emu] [TID:140189259971968] Calculated shared memory size needed: 0 bytes
79: [0m[0m[34m[CLK:0] [DEBUG] [emu] [TID:140189259971968] Calculated local memory size needed per thread: 0 bytes
79: [0m[0m[34m[CLK:0] [DEBUG] [emu] [TID:140189259971968] Allocated 1024 bytes of shared memory at 0x55d9d0387c90 for block 0, total allocated: 5120
79: [0m[0m[34m[CLK:0] [DEBUG] [emu] [TID:140189259971968] Using provided SHARED memory of size 1024 at 0x55d9d0387c90
79: [0m[0m[34m[CLK:0] [DEBUG] [emu] [TID:140189259971968] Successfully added block with 1024 shared memory bytes, 1 warps to SM 0
79: [0m[0m[34m[CLK:0] [DEBUG] [emu] [TID:140189259971968]          -> SIMT Stack push: branch_pc=4, reconvergence_pc=14
79:            taken_mask=[0000FFFF]
79:          SIMT Stack (depth=1):
79:            [0] branch_pc=4, reconvergence_pc=14, active_mask=0xFFFF, return_pc=14
79: [0m[0m[34m[CLK:0] [DEBUG] [emu] [TID:140189259971968]          -> convergence point: blocking at reconvergence_pc=14: 1 path(s) pending
79:            pending path: PC=28 [0000FFFF]
79:            next scheduled: PC=28 [0000FFFF]
79: [0m[0m[34m[CLK:0] [DEBUG] [emu] [TID:140189259971968]          -> SIMT Stack pop: reconvergence_pc=14
79: [0m[0m[34m[CLK:0] [DEBUG] [emu] [TID:140189259971968] Warning: SMContext destroyed with 1024 bytes of allocated shared memory
79: [0m[0m===============================================================================
79: All tests passed (118 assertions in 5 test cases)
79: 
79: [34m[CLK:0] [DEBUG] [emu] [TID:140189259971968] Warning: SharedMemoryManager destroyed with 5120 bytes of allocated shared memory still remaining
79: [0m[0m
2/6 Test #79: integration_divergence_sync_convergence ...   Passed    0.04 sec
test 80
    Start 80: integration_divergence_sync_standalone

80: Test command: /workspace/project/PTX-EMU/build/bin/tests/integration_divergence_sync_standalone
80: Working Directory: /workspace/project/PTX-EMU/build/tests/integration
80: Test timeout computed to be: 10000000
80: Randomness seeded to: 4027546324
80: [32m[CLK:0] [INFO] [emu] [TID:140113116097920] bar.warp.sync: Barrier complete, releasing 32 threads to PC=13 (mask=0xFFFFFFFF arrived=0xFFFFFFFF)
80: [0m[0m[32m[CLK:0] [INFO] [emu] [TID:140113116097920]   Released lane=0: PC=13 -> 13
80: [0m[0m[32m[CLK:0] [INFO] [emu] [TID:140113116097920]   Released lane=1: PC=13 -> 13
80: [0m[0m[32m[CLK:0] [INFO] [emu] [TID:140113116097920]   Released lane=2: PC=13 -> 13
80: [0m[0m[32m[CLK:0] [INFO] [emu] [TID:140113116097920]   Released lane=3: PC=13 -> 13
80: [0m[0m[32m[CLK:0] [INFO] [emu] [TID:140113116097920]   Released lane=4: PC=13 -> 13
80: [0m[0m[32m[CLK:0] [INFO] [emu] [TID:140113116097920]   Released lane=5: PC=13 -> 13
80: [0m[0m[32m[CLK:0] [INFO] [emu] [TID:140113116097920]   Released lane=6: PC=13 -> 13
80: [0m[0m[32m[CLK:0] [INFO] [emu] [TID:140113116097920]   Released lane=7: PC=13 -> 13
80: [0m[0m[32m[CLK:0] [INFO] [emu] [TID:140113116097920]   Released lane=8: PC=13 -> 13
80: [0m[0m[32m[CLK:0] [INFO] [emu] [TID:140113116097920]   Released lane=9: PC=13 -> 13
80: [0m[0m[32m[CLK:0] [INFO] [emu] [TID:140113116097920]   Released lane=10: PC=13 -> 13
80: [0m[0m[32m[CLK:0] [INFO] [emu] [TID:140113116097920]   Released lane=11: PC=13 -> 13
80: [0m[0m[32m[CLK:0] [INFO] [emu] [TID:140113116097920]   Released lane=12: PC=13 -> 13
80: [0m[0m[32m[CLK:0] [INFO] [emu] [TID:140113116097920]   Released lane=13: PC=13 -> 13
80: [0m[0m[32m[CLK:0] [INFO] [emu] [TID:140113116097920]   Released lane=14: PC=13 -> 13
80: [0m[0m[32m[CLK:0] [INFO] [emu] [TID:140113116097920]   Released lane=15: PC=13 -> 13
80: [0m[0m[32m[CLK:0] [INFO] [emu] [TID:140113116097920]   Released lane=16: PC=13 -> 13
80: [0m[0m[32m[CLK:0] [INFO] [emu] [TID:140113116097920]   Released lane=17: PC=13 -> 13
80: [0m[0m[32m[CLK:0] [INFO] [emu] [TID:140113116097920]   Released lane=18: PC=13 -> 13
80: [0m[0m[32m[CLK:0] [INFO] [emu] [TID:140113116097920]   Released lane=19: PC=13 -> 13
80: [0m[0m[32m[CLK:0] [INFO] [emu] [TID:140113116097920]   Released lane=20: PC=13 -> 13
80: [0m[0m[32m[CLK:0] [INFO] [emu] [TID:140113116097920]   Released lane=21: PC=13 -> 13
80: [0m[0m[32m[CLK:0] [INFO] [emu] [TID:140113116097920]   Released lane=22: PC=13 -> 13
80: [0m[0m[32m[CLK:0] [INFO] [emu] [TID:140113116097920]   Released lane=23: PC=13 -> 13
80: [0m[0m[32m[CLK:0] [INFO] [emu] [TID:140113116097920]   Released lane=24: PC=13 -> 13
80: [0m[0m[32m[CLK:0] [INFO] [emu] [TID:140113116097920]   Released lane=25: PC=13 -> 13
80: [0m[0m[32m[CLK:0] [INFO] [emu] [TID:140113116097920]   Released lane=26: PC=13 -> 13
80: [0m[0m[32m[CLK:0] [INFO] [emu] [TID:140113116097920]   Released lane=27: PC=13 -> 13
80: [0m[0m[32m[CLK:0] [INFO] [emu] [TID:140113116097920]   Released lane=28: PC=13 -> 13
80: [0m[0m[32m[CLK:0] [INFO] [emu] [TID:140113116097920]   Released lane=29: PC=13 -> 13
80: [0m[0m[32m[CLK:0] [INFO] [emu] [TID:140113116097920]   Released lane=30: PC=13 -> 13
80: [0m[0m[32m[CLK:0] [INFO] [emu] [TID:140113116097920]   Released lane=31: PC=12 -> 13
80: [0m[0m[32m[CLK:0] [INFO] [emu] [TID:140113116097920] bar.warp.sync: Barrier complete, releasing 32 threads to PC=13 (mask=0xFFFFFFFF arrived=0xFFFFFFFF)
80: [0m[0m[32m[CLK:0] [INFO] [emu] [TID:140113116097920]   Released lane=0: PC=13 -> 13
80: [0m[0m[32m[CLK:0] [INFO] [emu] [TID:140113116097920]   Released lane=1: PC=13 -> 13
80: [0m[0m[32m[CLK:0] [INFO] [emu] [TID:140113116097920]   Released lane=2: PC=13 -> 13
80: [0m[0m[32m[CLK:0] [INFO] [emu] [TID:140113116097920]   Released lane=3: PC=13 -> 13
80: [0m[0m[32m[CLK:0] [INFO] [emu] [TID:140113116097920]   Released lane=4: PC=13 -> 13
80: [0m[0m[32m[CLK:0] [INFO] [emu] [TID:140113116097920]   Released lane=5: PC=13 -> 13
80: [0m[0m[32m[CLK:0] [INFO] [emu] [TID:140113116097920]   Released lane=6: PC=13 -> 13
80: [0m[0m[32m[CLK:0] [INFO] [emu] [TID:140113116097920]   Released lane=7: PC=13 -> 13
80: [0m[0m[32m[CLK:0] [INFO] [emu] [TID:140113116097920]   Released lane=8: PC=13 -> 13
80: [0m[0m[32m[CLK:0] [INFO] [emu] [TID:140113116097920]   Released lane=9: PC=13 -> 13
80: [0m[0m[32m[CLK:0] [INFO] [emu] [TID:140113116097920]   Released lane=10: PC=13 -> 13
80: [0m[0m[32m[CLK:0] [INFO] [emu] [TID:140113116097920]   Released lane=11: PC=13 -> 13
80: [0m[0m[32m[CLK:0] [INFO] [emu] [TID:140113116097920]   Released lane=12: PC=13 -> 13
80: [0m[0m[32m[CLK:0] [INFO] [emu] [TID:140113116097920]   Released lane=13: PC=13 -> 13
80: [0m[0m[32m[CLK:0] [INFO] [emu] [TID:140113116097920]   Released lane=14: PC=13 -> 13
80: [0m[0m[32m[CLK:0] [INFO] [emu] [TID:140113116097920]   Released lane=15: PC=13 -> 13
80: [0m[0m[32m[CLK:0] [INFO] [emu] [TID:140113116097920]   Released lane=16: PC=13 -> 13
80: [0m[0m[32m[CLK:0] [INFO] [emu] [TID:140113116097920]   Released lane=17: PC=13 -> 13
80: [0m[0m[32m[CLK:0] [INFO] [emu] [TID:140113116097920]   Released lane=18: PC=13 -> 13
80: [0m[0m[32m[CLK:0] [INFO] [emu] [TID:140113116097920]   Released lane=19: PC=13 -> 13
80: [0m[0m[32m[CLK:0] [INFO] [emu] [TID:140113116097920]   Released lane=20: PC=13 -> 13
80: [0m[0m[32m[CLK:0] [INFO] [emu] [TID:140113116097920]   Released lane=21: PC=13 -> 13
80: [0m[0m[32m[CLK:0] [INFO] [emu] [TID:140113116097920]   Released lane=22: PC=13 -> 13
80: [0m[0m[32m[CLK:0] [INFO] [emu] [TID:140113116097920]   Released lane=23: PC=13 -> 13
80: [0m[0m[32m[CLK:0] [INFO] [emu] [TID:140113116097920]   Released lane=24: PC=13 -> 13
80: [0m[0m[32m[CLK:0] [INFO] [emu] [TID:140113116097920]   Released lane=25: PC=13 -> 13
80: [0m[0m[32m[CLK:0] [INFO] [emu] [TID:140113116097920]   Released lane=26: PC=13 -> 13
80: [0m[0m[32m[CLK:0] [INFO] [emu] [TID:140113116097920]   Released lane=27: PC=13 -> 13
80: [0m[0m[32m[CLK:0] [INFO] [emu] [TID:140113116097920]   Released lane=28: PC=13 -> 13
80: [0m[0m[32m[CLK:0] [INFO] [emu] [TID:140113116097920]   Released lane=29: PC=13 -> 13
80: [0m[0m[32m[CLK:0] [INFO] [emu] [TID:140113116097920]   Released lane=30: PC=13 -> 13
80: [0m[0m[32m[CLK:0] [INFO] [emu] [TID:140113116097920]   Released lane=31: PC=12 -> 13
80: [0m[0m[32m[CLK:0] [INFO] [emu] [TID:140113116097920] bar.warp.sync: Barrier complete, releasing 32 threads to PC=13 (mask=0xFFFFFFFF arrived=0xFFFFFFFF)
80: [0m[0m[32m[CLK:0] [INFO] [emu] [TID:140113116097920]   Released lane=0: PC=13 -> 13
80: [0m[0m[32m[CLK:0] [INFO] [emu] [TID:140113116097920]   Released lane=1: PC=13 -> 13
80: [0m[0m[32m[CLK:0] [INFO] [emu] [TID:140113116097920]   Released lane=2: PC=13 -> 13
80: [0m[0m[32m[CLK:0] [INFO] [emu] [TID:140113116097920]   Released lane=3: PC=13 -> 13
80: [0m[0m[32m[CLK:0] [INFO] [emu] [TID:140113116097920]   Released lane=4: PC=13 -> 13
80: [0m[0m[32m[CLK:0] [INFO] [emu] [TID:140113116097920]   Released lane=5: PC=13 -> 13
80: [0m[0m[32m[CLK:0] [INFO] [emu] [TID:140113116097920]   Released lane=6: PC=13 -> 13
80: [0m[0m[32m[CLK:0] [INFO] [emu] [TID:140113116097920]   Released lane=7: PC=13 -> 13
80: [0m[0m[32m[CLK:0] [INFO] [emu] [TID:140113116097920]   Released lane=8: PC=13 -> 13
80: [0m[0m[32m[CLK:0] [INFO] [emu] [TID:140113116097920]   Released lane=9: PC=13 -> 13
80: [0m[0m[32m[CLK:0] [INFO] [emu] [TID:140113116097920]   Released lane=10: PC=13 -> 13
80: [0m[0m[32m[CLK:0] [INFO] [emu] [TID:140113116097920]   Released lane=11: PC=13 -> 13
80: [0m[0m[32m[CLK:0] [INFO] [emu] [TID:140113116097920]   Released lane=12: PC=13 -> 13
80: [0m[0m[32m[CLK:0] [INFO] [emu] [TID:140113116097920]   Released lane=13: PC=13 -> 13
80: [0m[0m[32m[CLK:0] [INFO] [emu] [TID:140113116097920]   Released lane=14: PC=13 -> 13
80: [0m[0m[32m[CLK:0] [INFO] [emu] [TID:140113116097920]   Released lane=15: PC=13 -> 13
80: [0m[0m[32m[CLK:0] [INFO] [emu] [TID:140113116097920]   Released lane=16: PC=13 -> 13
80: [0m[0m[32m[CLK:0] [INFO] [emu] [TID:140113116097920]   Released lane=17: PC=13 -> 13
80: [0m[0m[32m[CLK:0] [INFO] [emu] [TID:140113116097920]   Released lane=18: PC=13 -> 13
80: [0m[0m[32m[CLK:0] [INFO] [emu] [TID:140113116097920]   Released lane=19: PC=13 -> 13
80: [0m[0m[32m[CLK:0] [INFO] [emu] [TID:140113116097920]   Released lane=20: PC=13 -> 13
80: [0m[0m[32m[CLK:0] [INFO] [emu] [TID:140113116097920]   Released lane=21: PC=13 -> 13
80: [0m[0m[32m[CLK:0] [INFO] [emu] [TID:140113116097920]   Released lane=22: PC=13 -> 13
80: [0m[0m[32m[CLK:0] [INFO] [emu] [TID:140113116097920]   Released lane=23: PC=13 -> 13
80: [0m[0m[32m[CLK:0] [INFO] [emu] [TID:140113116097920]   Released lane=24: PC=13 -> 13
80: [0m[0m[32m[CLK:0] [INFO] [emu] [TID:140113116097920]   Released lane=25: PC=13 -> 13
80: [0m[0m[32m[CLK:0] [INFO] [emu] [TID:140113116097920]   Released lane=26: PC=13 -> 13
80: [0m[0m[32m[CLK:0] [INFO] [emu] [TID:140113116097920]   Released lane=27: PC=13 -> 13
80: [0m[0m[32m[CLK:0] [INFO] [emu] [TID:140113116097920]   Released lane=28: PC=13 -> 13
80: [0m[0m[32m[CLK:0] [INFO] [emu] [TID:140113116097920]   Released lane=29: PC=13 -> 13
80: [0m[0m[32m[CLK:0] [INFO] [emu] [TID:140113116097920]   Released lane=30: PC=13 -> 13
80: [0m[0m[32m[CLK:0] [INFO] [emu] [TID:140113116097920]   Released lane=31: PC=12 -> 13
80: [0m[0m[32m[CLK:0] [INFO] [emu] [TID:140113116097920] bar.warp.sync: Barrier complete, releasing 32 threads to PC=13 (mask=0xFFFFFFFF arrived=0xFFFFFFFF)
80: [0m[0m[32m[CLK:0] [INFO] [emu] [TID:140113116097920]   Released lane=0: PC=13 -> 13
80: [0m[0m[32m[CLK:0] [INFO] [emu] [TID:140113116097920]   Released lane=1: PC=13 -> 13
80: [0m[0m[32m[CLK:0] [INFO] [emu] [TID:140113116097920]   Released lane=2: PC=13 -> 13
80: [0m[0m[32m[CLK:0] [INFO] [emu] [TID:140113116097920]   Released lane=3: PC=13 -> 13
80: [0m[0m[32m[CLK:0] [INFO] [emu] [TID:140113116097920]   Released lane=4: PC=13 -> 13
80: [0m[0m[32m[CLK:0] [INFO] [emu] [TID:140113116097920]   Released lane=5: PC=13 -> 13
80: [0m[0m[32m[CLK:0] [INFO] [emu] [TID:140113116097920]   Released lane=6: PC=13 -> 13
80: [0m[0m[32m[CLK:0] [INFO] [emu] [TID:140113116097920]   Released lane=7: PC=13 -> 13
80: [0m[0m[32m[CLK:0] [INFO] [emu] [TID:140113116097920]   Released lane=8: PC=13 -> 13
80: [0m[0m[32m[CLK:0] [INFO] [emu] [TID:140113116097920]   Released lane=9: PC=13 -> 13
80: [0m[0m[32m[CLK:0] [INFO] [emu] [TID:140113116097920]   Released lane=10: PC=13 -> 13
80: [0m[0m[32m[CLK:0] [INFO] [emu] [TID:140113116097920]   Released lane=11: PC=13 -> 13
80: [0m[0m[32m[CLK:0] [INFO] [emu] [TID:140113116097920]   Released lane=12: PC=13 -> 13
80: [0m[0m[32m[CLK:0] [INFO] [emu] [TID:140113116097920]   Released lane=13: PC=13 -> 13
80: [0m[0m[32m[CLK:0] [INFO] [emu] [TID:140113116097920]   Released lane=14: PC=13 -> 13
80: [0m[0m[32m[CLK:0] [INFO] [emu] [TID:140113116097920]   Released lane=15: PC=13 -> 13
80: [0m[0m[32m[CLK:0] [INFO] [emu] [TID:140113116097920]   Released lane=16: PC=13 -> 13
80: [0m[0m[32m[CLK:0] [INFO] [emu] [TID:140113116097920]   Released lane=17: PC=13 -> 13
80: [0m[0m[32m[CLK:0] [INFO] [emu] [TID:140113116097920]   Released lane=18: PC=13 -> 13
80: [0m[0m[32m[CLK:0] [INFO] [emu] [TID:140113116097920]   Released lane=19: PC=13 -> 13
80: [0m[0m[32m[CLK:0] [INFO] [emu] [TID:140113116097920]   Released lane=20: PC=13 -> 13
80: [0m[0m[32m[CLK:0] [INFO] [emu] [TID:140113116097920]   Released lane=21: PC=13 -> 13
80: [0m[0m[32m[CLK:0] [INFO] [emu] [TID:140113116097920]   Released lane=22: PC=13 -> 13
80: [0m[0m[32m[CLK:0] [INFO] [emu] [TID:140113116097920]   Released lane=23: PC=13 -> 13
80: [0m[0m[32m[CLK:0] [INFO] [emu] [TID:140113116097920]   Released lane=24: PC=13 -> 13
80: [0m[0m[32m[CLK:0] [INFO] [emu] [TID:140113116097920]   Released lane=25: PC=13 -> 13
80: [0m[0m[32m[CLK:0] [INFO] [emu] [TID:140113116097920]   Released lane=26: PC=13 -> 13
80: [0m[0m[32m[CLK:0] [INFO] [emu] [TID:140113116097920]   Released lane=27: PC=13 -> 13
80: [0m[0m[32m[CLK:0] [INFO] [emu] [TID:140113116097920]   Released lane=28: PC=13 -> 13
80: [0m[0m[32m[CLK:0] [INFO] [emu] [TID:140113116097920]   Released lane=29: PC=13 -> 13
80: [0m[0m[32m[CLK:0] [INFO] [emu] [TID:140113116097920]   Released lane=30: PC=13 -> 13
80: [0m[0m[32m[CLK:0] [INFO] [emu] [TID:140113116097920]   Released lane=31: PC=12 -> 13
80: [0m[0m[32m[CLK:0] [INFO] [emu] [TID:140113116097920] bar.warp.sync: Barrier complete, releasing 32 threads to PC=13 (mask=0xFFFFFFFF arrived=0xFFFFFFFF)
80: [0m[0m[32m[CLK:0] [INFO] [emu] [TID:140113116097920]   Released lane=0: PC=13 -> 13
80: [0m[0m[32m[CLK:0] [INFO] [emu] [TID:140113116097920]   Released lane=1: PC=13 -> 13
80: [0m[0m[32m[CLK:0] [INFO] [emu] [TID:140113116097920]   Released lane=2: PC=13 -> 13
80: [0m[0m[32m[CLK:0] [INFO] [emu] [TID:140113116097920]   Released lane=3: PC=13 -> 13
80: [0m[0m[32m[CLK:0] [INFO] [emu] [TID:140113116097920]   Released lane=4: PC=13 -> 13
80: [0m[0m[32m[CLK:0] [INFO] [emu] [TID:140113116097920]   Released lane=5: PC=13 -> 13
80: [0m[0m[32m[CLK:0] [INFO] [emu] [TID:140113116097920]   Released lane=6: PC=13 -> 13
80: [0m[0m[32m[CLK:0] [INFO] [emu] [TID:140113116097920]   Released lane=7: PC=13 -> 13
80: [0m[0m[32m[CLK:0] [INFO] [emu] [TID:140113116097920]   Released lane=8: PC=13 -> 13
80: [0m[0m[32m[CLK:0] [INFO] [emu] [TID:140113116097920]   Released lane=9: PC=13 -> 13
80: [0m[0m[32m[CLK:0] [INFO] [emu] [TID:140113116097920]   Released lane=10: PC=13 -> 13
80: [0m[0m[32m[CLK:0] [INFO] [emu] [TID:140113116097920]   Released lane=11: PC=13 -> 13
80: [0m[0m[32m[CLK:0] [INFO] [emu] [TID:140113116097920]   Released lane=12: PC=13 -> 13
80: [0m[0m[32m[CLK:0] [INFO] [emu] [TID:140113116097920]   Released lane=13: PC=13 -> 13
80: [0m[0m[32m[CLK:0] [INFO] [emu] [TID:140113116097920]   Released lane=14: PC=13 -> 13
80: [0m[0m[32m[CLK:0] [INFO] [emu] [TID:140113116097920]   Released lane=15: PC=13 -> 13
80: [0m[0m[32m[CLK:0] [INFO] [emu] [TID:140113116097920]   Released lane=16: PC=13 -> 13
80: [0m[0m[32m[CLK:0] [INFO] [emu] [TID:140113116097920]   Released lane=17: PC=13 -> 13
80: [0m[0m[32m[CLK:0] [INFO] [emu] [TID:140113116097920]   Released lane=18: PC=13 -> 13
80: [0m[0m[32m[CLK:0] [INFO] [emu] [TID:140113116097920]   Released lane=19: PC=13 -> 13
80: [0m[0m[32m[CLK:0] [INFO] [emu] [TID:140113116097920]   Released lane=20: PC=13 -> 13
80: [0m[0m[32m[CLK:0] [INFO] [emu] [TID:140113116097920]   Released lane=21: PC=13 -> 13
80: [0m[0m[32m[CLK:0] [INFO] [emu] [TID:140113116097920]   Released lane=22: PC=13 -> 13
80: [0m[0m[32m[CLK:0] [INFO] [emu] [TID:140113116097920]   Released lane=23: PC=13 -> 13
80: [0m[0m[32m[CLK:0] [INFO] [emu] [TID:140113116097920]   Released lane=24: PC=13 -> 13
80: [0m[0m[32m[CLK:0] [INFO] [emu] [TID:140113116097920]   Released lane=25: PC=13 -> 13
80: [0m[0m[32m[CLK:0] [INFO] [emu] [TID:140113116097920]   Released lane=26: PC=13 -> 13
80: [0m[0m[32m[CLK:0] [INFO] [emu] [TID:140113116097920]   Released lane=27: PC=13 -> 13
80: [0m[0m[32m[CLK:0] [INFO] [emu] [TID:140113116097920]   Released lane=28: PC=13 -> 13
80: [0m[0m[32m[CLK:0] [INFO] [emu] [TID:140113116097920]   Released lane=29: PC=13 -> 13
80: [0m[0m[32m[CLK:0] [INFO] [emu] [TID:140113116097920]   Released lane=30: PC=13 -> 13
80: [0m[0m[32m[CLK:0] [INFO] [emu] [TID:140113116097920]   Released lane=31: PC=12 -> 13
80: [0m[0m[32m[CLK:0] [INFO] [emu] [TID:140113116097920] bar.warp.sync: Barrier complete, releasing 32 threads to PC=13 (mask=0xFFFFFFFF arrived=0xFFFFFFFF)
80: [0m[0m[32m[CLK:0] [INFO] [emu] [TID:140113116097920]   Released lane=0: PC=13 -> 13
80: [0m[0m[32m[CLK:0] [INFO] [emu] [TID:140113116097920]   Released lane=1: PC=13 -> 13
80: [0m[0m[32m[CLK:0] [INFO] [emu] [TID:140113116097920]   Released lane=2: PC=13 -> 13
80: [0m[0m[32m[CLK:0] [INFO] [emu] [TID:140113116097920]   Released lane=3: PC=13 -> 13
80: [0m[0m[32m[CLK:0] [INFO] [emu] [TID:140113116097920]   Released lane=4: PC=13 -> 13
80: [0m[0m[32m[CLK:0] [INFO] [emu] [TID:140113116097920]   Released lane=5: PC=13 -> 13
80: [0m[0m[32m[CLK:0] [INFO] [emu] [TID:140113116097920]   Released lane=6: PC=13 -> 13
80: [0m[0m[32m[CLK:0] [INFO] [emu] [TID:140113116097920]   Released lane=7: PC=13 -> 13
80: [0m[0m[32m[CLK:0] [INFO] [emu] [TID:140113116097920]   Released lane=8: PC=13 -> 13
80: [0m[0m[32m[CLK:0] [INFO] [emu] [TID:140113116097920]   Released lane=9: PC=13 -> 13
80: [0m[0m[32m[CLK:0] [INFO] [emu] [TID:140113116097920]   Released lane=10: PC=13 -> 13
80: [0m[0m[32m[CLK:0] [INFO] [emu] [TID:140113116097920]   Released lane=11: PC=13 -> 13
80: [0m[0m[32m[CLK:0] [INFO] [emu] [TID:140113116097920]   Released lane=12: PC=13 -> 13
80: [0m[0m[32m[CLK:0] [INFO] [emu] [TID:140113116097920]   Released lane=13: PC=13 -> 13
80: [0m[0m[32m[CLK:0] [INFO] [emu] [TID:140113116097920]   Released lane=14: PC=13 -> 13
80: [0m[0m[32m[CLK:0] [INFO] [emu] [TID:140113116097920]   Released lane=15: PC=13 -> 13
80: [0m[0m[32m[CLK:0] [INFO] [emu] [TID:140113116097920]   Released lane=16: PC=13 -> 13
80: [0m[0m[32m[CLK:0] [INFO] [emu] [TID:140113116097920]   Released lane=17: PC=13 -> 13
80: [0m[0m[32m[CLK:0] [INFO] [emu] [TID:140113116097920]   Released lane=18: PC=13 -> 13
80: [0m[0m[32m[CLK:0] [INFO] [emu] [TID:140113116097920]   Released lane=19: PC=13 -> 13
80: [0m[0m[32m[CLK:0] [INFO] [emu] [TID:140113116097920]   Released lane=20: PC=13 -> 13
80: [0m[0m[32m[CLK:0] [INFO] [emu] [TID:140113116097920]   Released lane=21: PC=13 -> 13
80: [0m[0m[32m[CLK:0] [INFO] [emu] [TID:140113116097920]   Released lane=22: PC=13 -> 13
80: [0m[0m[32m[CLK:0] [INFO] [emu] [TID:140113116097920]   Released lane=23: PC=13 -> 13
80: [0m[0m[32m[CLK:0] [INFO] [emu] [TID:140113116097920]   Released lane=24: PC=13 -> 13
80: [0m[0m[32m[CLK:0] [INFO] [emu] [TID:140113116097920]   Released lane=25: PC=13 -> 13
80: [0m[0m[32m[CLK:0] [INFO] [emu] [TID:140113116097920]   Released lane=26: PC=13 -> 13
80: [0m[0m[32m[CLK:0] [INFO] [emu] [TID:140113116097920]   Released lane=27: PC=13 -> 13
80: [0m[0m[32m[CLK:0] [INFO] [emu] [TID:140113116097920]   Released lane=28: PC=13 -> 13
80: [0m[0m[32m[CLK:0] [INFO] [emu] [TID:140113116097920]   Released lane=29: PC=13 -> 13
80: [0m[0m[32m[CLK:0] [INFO] [emu] [TID:140113116097920]   Released lane=30: PC=13 -> 13
80: [0m[0m[32m[CLK:0] [INFO] [emu] [TID:140113116097920]   Released lane=31: PC=12 -> 13
80: [0m[0m===============================================================================
80: All tests passed (95 assertions in 6 test cases)
80: 
3/6 Test #80: integration_divergence_sync_standalone ....   Passed    0.04 sec
test 81
    Start 81: integration_nested_divergence

81: Test command: /workspace/project/PTX-EMU/build/bin/tests/integration_nested_divergence
81: Working Directory: /workspace/project/PTX-EMU/build/tests/integration
81: Test timeout computed to be: 10000000
81: Randomness seeded to: 3161341490
81: ===============================================================================
81: All tests passed (95 assertions in 4 test cases)
81: 
4/6 Test #81: integration_nested_divergence .............   Passed    0.04 sec
test 82
    Start 82: integration_shortest_path_first

82: Test command: /workspace/project/PTX-EMU/build/bin/tests/integration_shortest_path_first
82: Working Directory: /workspace/project/PTX-EMU/build/tests/integration
82: Test timeout computed to be: 10000000
82: Randomness seeded to: 1183268041
82: ===============================================================================
82: All tests passed (12 assertions in 4 test cases)
82: 
5/6 Test #82: integration_shortest_path_first ...........   Passed    0.03 sec
test 83
    Start 83: integration_post_barrier_divergence

83: Test command: /workspace/project/PTX-EMU/build/bin/tests/integration_post_barrier_divergence
83: Working Directory: /workspace/project/PTX-EMU/build/tests/integration
83: Test timeout computed to be: 10000000
83: Randomness seeded to: 3815112254
83: ===============================================================================
83: All tests passed (15 assertions in 5 test cases)
83: 
6/6 Test #83: integration_post_barrier_divergence .......   Passed    0.04 sec

The following tests passed:
	integration_divergence_sync_isolated
	integration_divergence_sync_convergence
	integration_divergence_sync_standalone
	integration_nested_divergence
	integration_shortest_path_first
	integration_post_barrier_divergence

100% tests passed, 0 tests failed out of 6

Label Time Summary:
barrier           =   0.04 sec*proc (1 test)
barrier_sync      =   0.25 sec*proc (2 tests)
convergence       =   0.04 sec*proc (1 test)
divergence        =   0.40 sec*proc (6 tests)
integration       =   0.40 sec*proc (6 tests)
nested            =   0.04 sec*proc (1 test)
shortest_first    =   0.03 sec*proc (1 test)

Total Test time (real) =   0.47 sec
